    Finished `dev` profile [unoptimized + debuginfo] target(s) in 0.14s
     Running `target/debug/minde --tty`
[2m2026-07-10T18:32:45.053561Z[0m [32m INFO[0m [2mminde[0m[2m:[0m selected backend [3mbackend[0m[2m=[0mUdev
[2m2026-07-10T18:32:45.054233Z[0m [32m INFO[0m [1minput_seat[0m[1m{[0m[3mname[0m[2m=[0m"winit"[1m}[0m[2m:[0m[1madd_keyboard_with_context_flags[0m[1m{[0m[3mxkb_config[0m[2m=[0mXkbConfig { rules: "", model: "", layout: "de", variant: "bone", options: None } [3mrepeat_delay[0m[2m=[0m200 [3mrepeat_rate[0m[2m=[0m25 [3mcontext_flags[0m[2m=[0m0[1m}[0m[2m:[0m[1minput_keyboard[0m[2m:[0m [2msmithay::input::keyboard[0m[2m:[0m Initializing a xkbcommon handler with keymap query
[2m2026-07-10T18:32:45.059443Z[0m [32m INFO[0m [1minput_seat[0m[1m{[0m[3mname[0m[2m=[0m"winit"[1m}[0m[2m:[0m[1madd_keyboard_with_context_flags[0m[1m{[0m[3mxkb_config[0m[2m=[0mXkbConfig { rules: "", model: "", layout: "de", variant: "bone", options: None } [3mrepeat_delay[0m[2m=[0m200 [3mrepeat_rate[0m[2m=[0m25 [3mcontext_flags[0m[2m=[0m0[1m}[0m[2m:[0m[1minput_keyboard[0m[2m:[0m [2msmithay::input::keyboard[0m[2m:[0m Loaded Keymap [3mname[0m[2m=[0m"German (Bone)"
[2m2026-07-10T18:32:45.063736Z[0m [32m INFO[0m [2msmithay::wayland::socket[0m[2m:[0m Created new socket [3mname[0m[2m=[0mSome("wayland-2")
[2m2026-07-10T18:32:45.086086Z[0m [32m INFO[0m [2mminde::guile[0m[2m:[0m loading scheme init file [3mpath[0m[2m=[0m/home/samuel/Projects/minde/scheme/init.scm
[2m2026-07-10T18:32:45.117500Z[0m [32m INFO[0m [2mminde::udev[0m[2m:[0m using primary gpu [3mprimary_gpu[0m[2m=[0mrenderD128
[2m2026-07-10T18:32:45.359955Z[0m [32m INFO[0m [2msmithay::backend::libinput[0m[2m:[0m Initializing a libinput backend
[2m2026-07-10T18:32:45.360639Z[0m [33m WARN[0m [2msmithay::backend::drm::device::fd[0m[2m:[0m Unable to become drm master, assuming unprivileged mode
[2m2026-07-10T18:32:45.360700Z[0m [32m INFO[0m [2msmithay::backend::drm::device[0m[2m:[0m DrmDevice initializing
[2m2026-07-10T18:32:45.561308Z[0m [32m INFO[0m [2msmithay::backend::egl::display[0m[2m:[0m Successfully selected EGL platform: PLATFORM_GBM_KHR
[2m2026-07-10T18:32:45.562668Z[0m [32m INFO[0m [2msmithay::backend::egl::display[0m[2m:[0m EGL Initialized
[2m2026-07-10T18:32:45.562689Z[0m [32m INFO[0m [2msmithay::backend::egl::display[0m[2m:[0m EGL Version: (1, 5)
[2m2026-07-10T18:32:45.562733Z[0m [32m INFO[0m [2msmithay::backend::egl::display[0m[2m:[0m Supported EGL display extensions: EGLExtensions { extensions: ["EGL_ANDROID_blob_cache", "EGL_ANDROID_native_fence_sync", "EGL_EXT_buffer_age", "EGL_EXT_config_select_group", "EGL_EXT_create_context_robustness", "EGL_EXT_image_dma_buf_import", "EGL_EXT_image_dma_buf_import_modifiers", "EGL_EXT_query_reset_notification_strategy", "EGL_EXT_surface_compression", "EGL_IMG_context_priority", "EGL_KHR_cl_event2", "EGL_KHR_config_attribs", "EGL_KHR_context_flush_control", "EGL_KHR_create_context", "EGL_KHR_create_context_no_error", "EGL_KHR_fence_sync", "EGL_KHR_get_all_proc_addresses", "EGL_KHR_gl_colorspace", "EGL_KHR_gl_renderbuffer_image", "EGL_KHR_gl_texture_2D_image", "EGL_KHR_gl_texture_3D_image", "EGL_KHR_gl_texture_cubemap_image", "EGL_KHR_image", "EGL_KHR_image_base", "EGL_KHR_image_pixmap", "EGL_KHR_no_config_context", "EGL_KHR_partial_update", "EGL_KHR_reusable_sync", "EGL_KHR_surfaceless_context", "EGL_EXT_pixel_format_float", "EGL_KHR_wait_sync", "EGL_MESA_configless_context", "EGL_MESA_gl_interop", "EGL_MESA_image_dma_buf_export", "EGL_MESA_query_driver", "EGL_MESA_x11_native_visual_id", ""], has_fences: true, has_native_fences: true, has_image_base: true, has_import_dmabuf: true, has_import_dmabuf_modifiers: true, has_export_dmabuf: true }
[2m2026-07-10T18:32:45.563397Z[0m [32m INFO[0m [2msmithay::backend::egl::display[0m[2m:[0m Successfully selected EGL platform: PLATFORM_GBM_KHR
[2m2026-07-10T18:32:45.563632Z[0m [32m INFO[0m [2msmithay::backend::egl::display[0m[2m:[0m EGL Initialized
[2m2026-07-10T18:32:45.563656Z[0m [32m INFO[0m [2msmithay::backend::egl::display[0m[2m:[0m EGL Version: (1, 5)
[2m2026-07-10T18:32:45.563691Z[0m [32m INFO[0m [2msmithay::backend::egl::display[0m[2m:[0m Supported EGL display extensions: EGLExtensions { extensions: ["EGL_ANDROID_blob_cache", "EGL_ANDROID_native_fence_sync", "EGL_EXT_buffer_age", "EGL_EXT_config_select_group", "EGL_EXT_create_context_robustness", "EGL_EXT_image_dma_buf_import", "EGL_EXT_image_dma_buf_import_modifiers", "EGL_EXT_query_reset_notification_strategy", "EGL_EXT_surface_compression", "EGL_IMG_context_priority", "EGL_KHR_cl_event2", "EGL_KHR_config_attribs", "EGL_KHR_context_flush_control", "EGL_KHR_create_context", "EGL_KHR_create_context_no_error", "EGL_KHR_fence_sync", "EGL_KHR_get_all_proc_addresses", "EGL_KHR_gl_colorspace", "EGL_KHR_gl_renderbuffer_image", "EGL_KHR_gl_texture_2D_image", "EGL_KHR_gl_texture_3D_image", "EGL_KHR_gl_texture_cubemap_image", "EGL_KHR_image", "EGL_KHR_image_base", "EGL_KHR_image_pixmap", "EGL_KHR_no_config_context", "EGL_KHR_partial_update", "EGL_KHR_reusable_sync", "EGL_KHR_surfaceless_context", "EGL_EXT_pixel_format_float", "EGL_KHR_wait_sync", "EGL_MESA_configless_context", "EGL_MESA_gl_interop", "EGL_MESA_image_dma_buf_export", "EGL_MESA_query_driver", "EGL_MESA_x11_native_visual_id", ""], has_fences: true, has_native_fences: true, has_image_base: true, has_import_dmabuf: true, has_import_dmabuf_modifiers: true, has_export_dmabuf: true }
[2m2026-07-10T18:32:45.566683Z[0m [32m INFO[0m [1megl[0m[1m{[0m[3mnative[0m[2m=[0m"/dev/dri/card0" [3mplatform[0m[2m=[0m"PLATFORM_GBM_KHR" [3mversion[0m[2m=[0m(1, 5)[1m}[0m[2m:[0m[1megl_context[0m[1m{[0m[3mptr[0m[2m=[0m94881557309712[1m}[0m[2m:[0m [2msmithay::backend::egl::context[0m[2m:[0m EGL context created [3mpriority[0m[2m=[0mSome(High)
[2m2026-07-10T18:32:45.567389Z[0m [32m INFO[0m [1megl[0m[1m{[0m[3mnative[0m[2m=[0m"/dev/dri/card0" [3mplatform[0m[2m=[0m"PLATFORM_GBM_KHR" [3mversion[0m[2m=[0m(1, 5)[1m}[0m[2m:[0m[1megl_context[0m[1m{[0m[3mptr[0m[2m=[0m94881557309712[1m}[0m[2m:[0m[1mrenderer_gles2[0m[2m:[0m [2msmithay::backend::renderer::gles[0m[2m:[0m Initializing OpenGL ES Renderer
[2m2026-07-10T18:32:45.567426Z[0m [32m INFO[0m [1megl[0m[1m{[0m[3mnative[0m[2m=[0m"/dev/dri/card0" [3mplatform[0m[2m=[0m"PLATFORM_GBM_KHR" [3mversion[0m[2m=[0m(1, 5)[1m}[0m[2m:[0m[1megl_context[0m[1m{[0m[3mptr[0m[2m=[0m94881557309712[1m}[0m[2m:[0m[1mrenderer_gles2[0m[2m:[0m [2msmithay::backend::renderer::gles[0m[2m:[0m GL Version: "OpenGL ES 3.2 Mesa 26.0.2"
[2m2026-07-10T18:32:45.567450Z[0m [32m INFO[0m [1megl[0m[1m{[0m[3mnative[0m[2m=[0m"/dev/dri/card0" [3mplatform[0m[2m=[0m"PLATFORM_GBM_KHR" [3mversion[0m[2m=[0m(1, 5)[1m}[0m[2m:[0m[1megl_context[0m[1m{[0m[3mptr[0m[2m=[0m94881557309712[1m}[0m[2m:[0m[1mrenderer_gles2[0m[2m:[0m [2msmithay::backend::renderer::gles[0m[2m:[0m GL Vendor: "Intel"
[2m2026-07-10T18:32:45.567471Z[0m [32m INFO[0m [1megl[0m[1m{[0m[3mnative[0m[2m=[0m"/dev/dri/card0" [3mplatform[0m[2m=[0m"PLATFORM_GBM_KHR" [3mversion[0m[2m=[0m(1, 5)[1m}[0m[2m:[0m[1megl_context[0m[1m{[0m[3mptr[0m[2m=[0m94881557309712[1m}[0m[2m:[0m[1mrenderer_gles2[0m[2m:[0m [2msmithay::backend::renderer::gles[0m[2m:[0m GL Renderer: "Mesa Intel(R) HD Graphics 5500 (BDW GT2)"
[2m2026-07-10T18:32:45.567493Z[0m [32m INFO[0m [1megl[0m[1m{[0m[3mnative[0m[2m=[0m"/dev/dri/card0" [3mplatform[0m[2m=[0m"PLATFORM_GBM_KHR" [3mversion[0m[2m=[0m(1, 5)[1m}[0m[2m:[0m[1megl_context[0m[1m{[0m[3mptr[0m[2m=[0m94881557309712[1m}[0m[2m:[0m[1mrenderer_gles2[0m[2m:[0m [2msmithay::backend::renderer::gles[0m[2m:[0m Supported GL Extensions: ["GL_EXT_blend_minmax", "GL_EXT_multi_draw_arrays", "GL_EXT_texture_filter_anisotropic", "GL_EXT_texture_compression_s3tc", "GL_EXT_texture_compression_dxt1", "GL_EXT_texture_compression_rgtc", "GL_EXT_texture_format_BGRA8888", "GL_OES_compressed_ETC1_RGB8_texture", "GL_OES_depth24", "GL_OES_element_index_uint", "GL_OES_fbo_render_mipmap", "GL_OES_mapbuffer", "GL_OES_rgb8_rgba8", "GL_OES_standard_derivatives", "GL_OES_stencil8", "GL_OES_texture_3D", "GL_OES_texture_float", "GL_OES_texture_float_linear", "GL_OES_texture_half_float", "GL_OES_texture_half_float_linear", "GL_OES_texture_npot", "GL_OES_vertex_half_float", "GL_EXT_draw_instanced", "GL_EXT_texture_sRGB_decode", "GL_OES_EGL_image", "GL_OES_depth_texture", "GL_AMD_performance_monitor", "GL_OES_packed_depth_stencil", "GL_EXT_texture_type_2_10_10_10_REV", "GL_NV_conditional_render", "GL_OES_get_program_binary", "GL_APPLE_texture_max_level", "GL_EXT_discard_framebuffer", "GL_EXT_read_format_bgra", "GL_EXT_texture_storage", "GL_NV_pack_subimage", "GL_NV_texture_barrier", "GL_EXT_frag_depth", "GL_NV_fbo_color_attachments", "GL_OES_EGL_image_external", "GL_OES_EGL_sync", "GL_OES_vertex_array_object", "GL_OES_viewport_array", "GL_ANGLE_pack_reverse_row_order", "GL_ANGLE_texture_compression_dxt3", "GL_ANGLE_texture_compression_dxt5", "GL_EXT_occlusion_query_boolean", "GL_EXT_robustness", "GL_EXT_sRGB", "GL_EXT_texture_rg", "GL_EXT_unpack_subimage", "GL_NV_draw_buffers", "GL_NV_read_buffer", "GL_NV_read_depth", "GL_NV_read_depth_stencil", "GL_NV_read_stencil", "GL_APPLE_sync", "GL_EXT_draw_buffers", "GL_EXT_instanced_arrays", "GL_EXT_map_buffer_range", "GL_EXT_shadow_samplers", "GL_KHR_debug", "GL_KHR_robustness", "GL_KHR_texture_compression_astc_ldr", "GL_NV_generate_mipmap_sRGB", "GL_NV_pixel_buffer_object", "GL_OES_depth_texture_cube_map", "GL_OES_required_internalformat", "GL_OES_surfaceless_context", "GL_EXT_color_buffer_float", "GL_EXT_debug_label", "GL_EXT_sRGB_write_control", "GL_EXT_separate_shader_objects", "GL_EXT_shader_group_vote", "GL_EXT_shader_implicit_conversions", "GL_EXT_shader_integer_mix", "GL_EXT_tessellation_point_size", "GL_EXT_tessellation_shader", "GL_INTEL_performance_query", "GL_ANDROID_extension_pack_es31a", "GL_EXT_base_instance", "GL_EXT_compressed_ETC1_RGB8_sub_texture", "GL_EXT_copy_image", "GL_EXT_draw_buffers_indexed", "GL_EXT_draw_elements_base_vertex", "GL_EXT_gpu_shader5", "GL_EXT_multi_draw_indirect", "GL_EXT_polygon_offset_clamp", "GL_EXT_primitive_bounding_box", "GL_EXT_render_snorm", "GL_EXT_shader_io_blocks", "GL_EXT_texture_border_clamp", "GL_EXT_texture_buffer", "GL_EXT_texture_cube_map_array", "GL_EXT_texture_norm16", "GL_EXT_texture_view", "GL_KHR_blend_equation_advanced", "GL_KHR_context_flush_control", "GL_KHR_robust_buffer_access_behavior", "GL_NV_image_formats", "GL_NV_shader_noperspective_interpolation", "GL_OES_copy_image", "GL_OES_draw_buffers_indexed", "GL_OES_draw_elements_base_vertex", "GL_OES_gpu_shader5", "GL_OES_primitive_bounding_box", "GL_OES_sample_shading", "GL_OES_sample_variables", "GL_OES_shader_io_blocks", "GL_OES_shader_multisample_interpolation", "GL_OES_tessellation_point_size", "GL_OES_tessellation_shader", "GL_OES_texture_border_clamp", "GL_OES_texture_buffer", "GL_OES_texture_cube_map_array", "GL_OES_texture_stencil8", "GL_OES_texture_storage_multisample_2d_array", "GL_OES_texture_view", "GL_EXT_blend_func_extended", "GL_EXT_buffer_storage", "GL_EXT_float_blend", "GL_EXT_geometry_point_size", "GL_EXT_geometry_shader", "GL_EXT_shader_samples_identical", "GL_EXT_texture_sRGB_R8", "GL_KHR_no_error", "GL_KHR_texture_compression_astc_sliced_3d", "GL_OES_EGL_image_external_essl3", "GL_OES_geometry_point_size", "GL_OES_geometry_shader", "GL_OES_shader_image_atomic", "GL_EXT_clear_texture", "GL_EXT_clip_cull_distance", "GL_EXT_conservative_depth", "GL_EXT_disjoint_timer_query", "GL_EXT_texture_compression_s3tc_srgb", "GL_MESA_shader_integer_functions", "GL_EXT_clip_control", "GL_EXT_color_buffer_half_float", "GL_EXT_memory_object", "GL_EXT_memory_object_fd", "GL_EXT_semaphore", "GL_EXT_semaphore_fd", "GL_EXT_texture_compression_bptc", "GL_EXT_texture_mirror_clamp_to_edge", "GL_KHR_parallel_shader_compile", "GL_NV_alpha_to_coverage_dither_control", "GL_EXT_EGL_image_storage", "GL_EXT_shader_framebuffer_fetch_non_coherent", "GL_EXT_texture_shadow_lod", "GL_INTEL_blackhole_render", "GL_MESA_framebuffer_flip_y", "GL_NV_compute_shader_derivatives", "GL_EXT_demote_to_helper_invocation", "GL_EXT_depth_clamp", "GL_EXT_texture_query_lod", "GL_MESA_sampler_objects", "GL_EXT_EGL_image_storage_compression", "GL_EXT_texture_storage_compression", "GL_MESA_bgra", "GL_MESA_texture_const_bandwidth", "GL_EXT_shader_clock", ""]
[2m2026-07-10T18:32:45.699509Z[0m [32m INFO[0m [2mminde::udev[0m[2m:[0m setting up connector as the compositor's single output [3mcrtc[0m[2m=[0mcrtc::Handle(51) [3moutput_name[0m[2m=[0meDP-1
[2m2026-07-10T18:32:45.699601Z[0m [32m INFO[0m [1mnew[0m[1m{[0m[3mname[0m[2m=[0m"eDP-1" [3mphysical[0m[2m=[0mPhysicalProperties { size: Size<smithay::utils::geometry::Raw> { w: 310, h: 170 }, subpixel: Unknown, make: "Unknown", model: "Unknown", serial_number: "Unknown" }[1m}[0m[2m:[0m [2msmithay::output[0m[2m:[0m Creating new Output [3mname[0m[2m=[0m"eDP-1"
[2m2026-07-10T18:32:45.699650Z[0m [32m INFO[0m [2msmithay::wayland::output[0m[2m:[0m Creating new wl_output [3moutput[0m[2m=[0m"eDP-1"
[2m2026-07-10T18:32:45.700457Z[0m [32m INFO[0m [1mdrm_atomic[0m[2m:[0m[1mcreate_surface[0m[1m{[0m[3mcrtc[0m[2m=[0mcrtc::Handle(51) [3mmode[0m[2m=[0mMode { name: "1920x1080", clock: 141000, size: (1920, 1080), hsync: (1936, 1952, 2104), vsync: (1083, 1097, 1116), hskew: 0, vscan: 0, vrefresh: 60, mode_type: ModeTypeFlags(PREFERRED | DRIVER) } [3mconnectors[0m[2m=[0m[connector::Handle(91)][1m}[0m[2m:[0m[1mdrm_atomic[0m[1m{[0m[3mcrtc[0m[2m=[0mcrtc::Handle(51)[1m}[0m[2m:[0m [2msmithay::backend::drm::surface::atomic[0m[2m:[0m Initializing drm surface (crtc::Handle(51):plane::Handle(33)) with mode Mode { name: "1920x1080", clock: 141000, size: (1920, 1080), hsync: (1936, 1952, 2104), vsync: (1083, 1097, 1116), hskew: 0, vscan: 0, vrefresh: 60, mode_type: ModeTypeFlags(PREFERRED | DRIVER) } and connectors [connector::Handle(91)]
[2m2026-07-10T18:32:45.706233Z[0m [32m INFO[0m [2msmithay::backend::drm::surface::atomic[0m[2m:[0m Adding connector: EmbeddedDisplayPort
[2m2026-07-10T18:32:45.706295Z[0m [32m INFO[0m [2msmithay::backend::drm::surface::atomic[0m[2m:[0m Setting new mode: "1920x1080"
[2m2026-07-10T18:32:45.706651Z[0m [33m WARN[0m [2msmithay::backend::drm::surface::atomic[0m[2m:[0m Failed to destroy old mode property blob: No such file or directory (os error 2)
[2m2026-07-10T18:32:47.632555Z[0m [32m INFO[0m [2msmithay::backend::libinput[0m[2m:[0m New device "event16"
[2m2026-07-10T18:32:47.632603Z[0m [32m INFO[0m [2mminde::input[0m[2m:[0m input device added [3mname[0m[2m=[0m"Keychron Keychron K6"
[2m2026-07-10T18:32:47.632619Z[0m [32m INFO[0m [2msmithay::backend::libinput[0m[2m:[0m New device "event17"
[2m2026-07-10T18:32:47.632627Z[0m [32m INFO[0m [2mminde::input[0m[2m:[0m input device added [3mname[0m[2m=[0m"Keychron Keychron K6"
[2m2026-07-10T18:32:47.632636Z[0m [32m INFO[0m [2msmithay::backend::libinput[0m[2m:[0m New device "event11"
[2m2026-07-10T18:32:47.632643Z[0m [32m INFO[0m [2mminde::input[0m[2m:[0m input device added [3mname[0m[2m=[0m"Synaptics TM3053-004"
[2m2026-07-10T18:32:47.632652Z[0m [32m INFO[0m [2msmithay::backend::libinput[0m[2m:[0m New device "event15"
[2m2026-07-10T18:32:47.632659Z[0m [32m INFO[0m [2mminde::input[0m[2m:[0m input device added [3mname[0m[2m=[0m"TPPS/2 IBM TrackPoint"
[2m2026-07-10T18:32:47.632669Z[0m [32m INFO[0m [2msmithay::backend::libinput[0m[2m:[0m New device "event10"
[2m2026-07-10T18:32:47.632676Z[0m [32m INFO[0m [2mminde::input[0m[2m:[0m input device added [3mname[0m[2m=[0m"Video Bus"
[2m2026-07-10T18:32:47.632684Z[0m [32m INFO[0m [2msmithay::backend::libinput[0m[2m:[0m New device "event2"
[2m2026-07-10T18:32:47.632697Z[0m [32m INFO[0m [2mminde::input[0m[2m:[0m input device added [3mname[0m[2m=[0m"Power Button"
[2m2026-07-10T18:32:47.632732Z[0m [32m INFO[0m [2msmithay::backend::libinput[0m[2m:[0m New device "event0"
[2m2026-07-10T18:32:47.632741Z[0m [32m INFO[0m [2mminde::input[0m[2m:[0m input device added [3mname[0m[2m=[0m"Lid Switch"
[2m2026-07-10T18:32:47.632751Z[0m [32m INFO[0m [2msmithay::backend::libinput[0m[2m:[0m New device "event1"
[2m2026-07-10T18:32:47.632760Z[0m [32m INFO[0m [2mminde::input[0m[2m:[0m input device added [3mname[0m[2m=[0m"Sleep Button"
[2m2026-07-10T18:32:47.632769Z[0m [32m INFO[0m [2msmithay::backend::libinput[0m[2m:[0m New device "event3"
[2m2026-07-10T18:32:47.632776Z[0m [32m INFO[0m [2mminde::input[0m[2m:[0m input device added [3mname[0m[2m=[0m"AT Translated Set 2 keyboard"
[2m2026-07-10T18:32:47.632785Z[0m [32m INFO[0m [2msmithay::backend::libinput[0m[2m:[0m New device "event5"
[2m2026-07-10T18:32:47.632793Z[0m [32m INFO[0m [2mminde::input[0m[2m:[0m input device added [3mname[0m[2m=[0m"ThinkPad Extra Buttons"
[2m2026-07-10T18:32:58.359674Z[0m [34mDEBUG[0m [2mminde::guile[0m[2m:[0m handle_key [3mmods[0m[2m=[0m64 [3mkeysym_name[0m[2m=[0m"Super_L" [3mconsumed[0m[2m=[0mfalse [3merrored[0m[2m=[0mfalse
[2m2026-07-10T18:32:59.479651Z[0m [34mDEBUG[0m [2mminde::guile[0m[2m:[0m handle_key [3mmods[0m[2m=[0m64 [3mkeysym_name[0m[2m=[0m"space" [3mconsumed[0m[2m=[0mfalse [3merrored[0m[2m=[0mfalse
[2m2026-07-10T18:33:00.236634Z[0m [34mDEBUG[0m [2mminde::guile[0m[2m:[0m handle_key [3mmods[0m[2m=[0m64 [3mkeysym_name[0m[2m=[0m"Return" [3mconsumed[0m[2m=[0mfalse [3merrored[0m[2m=[0mfalse
[2m2026-07-10T18:33:00.906631Z[0m [34mDEBUG[0m [2mminde::guile[0m[2m:[0m handle_key [3mmods[0m[2m=[0m64 [3mkeysym_name[0m[2m=[0m"Super_L" [3mconsumed[0m[2m=[0mfalse [3merrored[0m[2m=[0mfalse
[2m2026-07-10T18:33:01.100639Z[0m [34mDEBUG[0m [2mminde::guile[0m[2m:[0m handle_key [3mmods[0m[2m=[0m64 [3mkeysym_name[0m[2m=[0m"Return" [3mconsumed[0m[2m=[0mfalse [3merrored[0m[2m=[0mfalse
[2m2026-07-10T18:33:01.618637Z[0m [34mDEBUG[0m [2mminde::guile[0m[2m:[0m handle_key [3mmods[0m[2m=[0m64 [3mkeysym_name[0m[2m=[0m"Super_L" [3mconsumed[0m[2m=[0mfalse [3merrored[0m[2m=[0mfalse
[2m2026-07-10T18:33:01.704630Z[0m [34mDEBUG[0m [2mminde::guile[0m[2m:[0m handle_key [3mmods[0m[2m=[0m64 [3mkeysym_name[0m[2m=[0m"Return" [3mconsumed[0m[2m=[0mfalse [3merrored[0m[2m=[0mfalse
[2m2026-07-10T18:33:02.499632Z[0m [34mDEBUG[0m [2mminde::guile[0m[2m:[0m handle_key [3mmods[0m[2m=[0m0 [3mkeysym_name[0m[2m=[0m"Return" [3mconsumed[0m[2m=[0mfalse [3merrored[0m[2m=[0mfalse
[2m2026-07-10T18:33:02.665637Z[0m [34mDEBUG[0m [2mminde::guile[0m[2m:[0m handle_key [3mmods[0m[2m=[0m64 [3mkeysym_name[0m[2m=[0m"Super_L" [3mconsumed[0m[2m=[0mfalse [3merrored[0m[2m=[0mfalse
[2m2026-07-10T18:33:04.300640Z[0m [34mDEBUG[0m [2mminde::guile[0m[2m:[0m handle_key [3mmods[0m[2m=[0m64 [3mkeysym_name[0m[2m=[0m"j" [3mconsumed[0m[2m=[0mfalse [3merrored[0m[2m=[0mfalse
[2m2026-07-10T18:33:05.921628Z[0m [34mDEBUG[0m [2mminde::guile[0m[2m:[0m handle_key [3mmods[0m[2m=[0m64 [3mkeysym_name[0m[2m=[0m"Super_L" [3mconsumed[0m[2m=[0mfalse [3merrored[0m[2m=[0mfalse
[2m2026-07-10T18:33:06.099653Z[0m [34mDEBUG[0m [2mminde::guile[0m[2m:[0m handle_key [3mmods[0m[2m=[0m64 [3mkeysym_name[0m[2m=[0m"j" [3mconsumed[0m[2m=[0mfalse [3merrored[0m[2m=[0mfalse
[2m2026-07-10T18:33:06.250635Z[0m [34mDEBUG[0m [2mminde::guile[0m[2m:[0m handle_key [3mmods[0m[2m=[0m64 [3mkeysym_name[0m[2m=[0m"Return" [3mconsumed[0m[2m=[0mfalse [3merrored[0m[2m=[0mfalse
[2m2026-07-10T18:33:07.467457Z[0m [34mDEBUG[0m [2mminde::guile[0m[2m:[0m handle_key [3mmods[0m[2m=[0m64 [3mkeysym_name[0m[2m=[0m"Super_L" [3mconsumed[0m[2m=[0mfalse [3merrored[0m[2m=[0mfalse
[2m2026-07-10T18:33:07.849695Z[0m [34mDEBUG[0m [2mminde::guile[0m[2m:[0m handle_key [3mmods[0m[2m=[0m64 [3mkeysym_name[0m[2m=[0m"j" [3mconsumed[0m[2m=[0mfalse [3merrored[0m[2m=[0mfalse
[2m2026-07-10T18:33:09.770014Z[0m [34mDEBUG[0m [2mminde::guile[0m[2m:[0m handle_key [3mmods[0m[2m=[0m4 [3mkeysym_name[0m[2m=[0m"Control_L" [3mconsumed[0m[2m=[0mfalse [3merrored[0m[2m=[0mfalse
[2m2026-07-10T18:33:10.087720Z[0m [34mDEBUG[0m [2mminde::guile[0m[2m:[0m handle_key [3mmods[0m[2m=[0m4 [3mkeysym_name[0m[2m=[0m"x" [3mconsumed[0m[2m=[0mfalse [3merrored[0m[2m=[0mfalse
[2m2026-07-10T18:33:10.649307Z[0m [34mDEBUG[0m [2mminde::guile[0m[2m:[0m handle_key [3mmods[0m[2m=[0m0 [3mkeysym_name[0m[2m=[0m"Return" [3mconsumed[0m[2m=[0mfalse [3merrored[0m[2m=[0mfalse
[2m2026-07-10T18:33:11.157493Z[0m [34mDEBUG[0m [2mminde::guile[0m[2m:[0m handle_key [3mmods[0m[2m=[0m4 [3mkeysym_name[0m[2m=[0m"Control_L" [3mconsumed[0m[2m=[0mfalse [3merrored[0m[2m=[0mfalse
[2m2026-07-10T18:33:11.403945Z[0m [34mDEBUG[0m [2mminde::guile[0m[2m:[0m handle_key [3mmods[0m[2m=[0m4 [3mkeysym_name[0m[2m=[0m"x" [3mconsumed[0m[2m=[0mfalse [3merrored[0m[2m=[0mfalse
[2m2026-07-10T18:33:11.554842Z[0m [34mDEBUG[0m [2mminde::guile[0m[2m:[0m handle_key [3mmods[0m[2m=[0m4 [3mkeysym_name[0m[2m=[0m"Return" [3mconsumed[0m[2m=[0mfalse [3merrored[0m[2m=[0mfalse
[2m2026-07-10T18:33:12.519681Z[0m [34mDEBUG[0m [2mminde::guile[0m[2m:[0m handle_key [3mmods[0m[2m=[0m0 [3mkeysym_name[0m[2m=[0m"Print" [3mconsumed[0m[2m=[0mfalse [3merrored[0m[2m=[0mfalse
[2m2026-07-10T18:33:12.753248Z[0m [34mDEBUG[0m [2mminde::guile[0m[2m:[0m handle_key [3mmods[0m[2m=[0m0 [3mkeysym_name[0m[2m=[0m"Return" [3mconsumed[0m[2m=[0mfalse [3merrored[0m[2m=[0mfalse
[2m2026-07-10T18:33:13.514741Z[0m [34mDEBUG[0m [2mminde::guile[0m[2m:[0m handle_key [3mmods[0m[2m=[0m4 [3mkeysym_name[0m[2m=[0m"Control_L" [3mconsumed[0m[2m=[0mfalse [3merrored[0m[2m=[0mfalse
[2m2026-07-10T18:33:13.721619Z[0m [34mDEBUG[0m [2mminde::guile[0m[2m:[0m handle_key [3mmods[0m[2m=[0m4 [3mkeysym_name[0m[2m=[0m"x" [3mconsumed[0m[2m=[0mfalse [3merrored[0m[2m=[0mfalse
[2m2026-07-10T18:33:13.872490Z[0m [34mDEBUG[0m [2mminde::guile[0m[2m:[0m handle_key [3mmods[0m[2m=[0m4 [3mkeysym_name[0m[2m=[0m"Return" [3mconsumed[0m[2m=[0mfalse [3merrored[0m[2m=[0mfalse
[2m2026-07-10T18:33:14.194053Z[0m [34mDEBUG[0m [2mminde::guile[0m[2m:[0m handle_key [3mmods[0m[2m=[0m0 [3mkeysym_name[0m[2m=[0m"Return" [3mconsumed[0m[2m=[0mfalse [3merrored[0m[2m=[0mfalse
[2m2026-07-10T18:33:14.621470Z[0m [34mDEBUG[0m [2mminde::guile[0m[2m:[0m handle_key [3mmods[0m[2m=[0m0 [3mkeysym_name[0m[2m=[0m"Print" [3mconsumed[0m[2m=[0mfalse [3merrored[0m[2m=[0mfalse
[2m2026-07-10T18:33:14.823433Z[0m [34mDEBUG[0m [2mminde::guile[0m[2m:[0m handle_key [3mmods[0m[2m=[0m0 [3mkeysym_name[0m[2m=[0m"Return" [3mconsumed[0m[2m=[0mfalse [3merrored[0m[2m=[0mfalse
[2m2026-07-10T18:33:15.019333Z[0m [34mDEBUG[0m [2mminde::guile[0m[2m:[0m handle_key [3mmods[0m[2m=[0m0 [3mkeysym_name[0m[2m=[0m"Return" [3mconsumed[0m[2m=[0mfalse [3merrored[0m[2m=[0mfalse
[2m2026-07-10T18:33:15.335961Z[0m [34mDEBUG[0m [2mminde::guile[0m[2m:[0m handle_key [3mmods[0m[2m=[0m0 [3mkeysym_name[0m[2m=[0m"Print" [3mconsumed[0m[2m=[0mfalse [3merrored[0m[2m=[0mfalse
[2m2026-07-10T18:33:15.459621Z[0m [34mDEBUG[0m [2mminde::guile[0m[2m:[0m handle_key [3mmods[0m[2m=[0m0 [3mkeysym_name[0m[2m=[0m"Return" [3mconsumed[0m[2m=[0mfalse [3merrored[0m[2m=[0mfalse
[2m2026-07-10T18:33:15.599246Z[0m [34mDEBUG[0m [2mminde::guile[0m[2m:[0m handle_key [3mmods[0m[2m=[0m0 [3mkeysym_name[0m[2m=[0m"Return" [3mconsumed[0m[2m=[0mfalse [3merrored[0m[2m=[0mfalse
[2m2026-07-10T18:33:16.004916Z[0m [34mDEBUG[0m [2mminde::guile[0m[2m:[0m handle_key [3mmods[0m[2m=[0m0 [3mkeysym_name[0m[2m=[0m"c" [3mconsumed[0m[2m=[0mfalse [3merrored[0m[2m=[0mfalse
[2m2026-07-10T18:33:16.083610Z[0m [34mDEBUG[0m [2mminde::guile[0m[2m:[0m handle_key [3mmods[0m[2m=[0m0 [3mkeysym_name[0m[2m=[0m"t" [3mconsumed[0m[2m=[0mfalse [3merrored[0m[2m=[0mfalse
[2m2026-07-10T18:33:16.124205Z[0m [34mDEBUG[0m [2mminde::guile[0m[2m:[0m handle_key [3mmods[0m[2m=[0m0 [3mkeysym_name[0m[2m=[0m"r" [3mconsumed[0m[2m=[0mfalse [3merrored[0m[2m=[0mfalse
[2m2026-07-10T18:33:16.205855Z[0m [34mDEBUG[0m [2mminde::guile[0m[2m:[0m handle_key [3mmods[0m[2m=[0m0 [3mkeysym_name[0m[2m=[0m"n" [3mconsumed[0m[2m=[0mfalse [3merrored[0m[2m=[0mfalse
[2m2026-07-10T18:33:16.206010Z[0m [34mDEBUG[0m [2mminde::guile[0m[2m:[0m handle_key [3mmods[0m[2m=[0m0 [3mkeysym_name[0m[2m=[0m"e" [3mconsumed[0m[2m=[0mfalse [3merrored[0m[2m=[0mfalse
[2m2026-07-10T18:33:16.206177Z[0m [34mDEBUG[0m [2mminde::guile[0m[2m:[0m handle_key [3mmods[0m[2m=[0m0 [3mkeysym_name[0m[2m=[0m"i" [3mconsumed[0m[2m=[0mfalse [3merrored[0m[2m=[0mfalse
[2m2026-07-10T18:33:17.368602Z[0m [34mDEBUG[0m [2mminde::guile[0m[2m:[0m handle_key [3mmods[0m[2m=[0m0 [3mkeysym_name[0m[2m=[0m"c" [3mconsumed[0m[2m=[0mfalse [3merrored[0m[2m=[0mfalse
[2m2026-07-10T18:33:17.457208Z[0m [34mDEBUG[0m [2mminde::guile[0m[2m:[0m handle_key [3mmods[0m[2m=[0m0 [3mkeysym_name[0m[2m=[0m"r" [3mconsumed[0m[2m=[0mfalse [3merrored[0m[2m=[0mfalse
[2m2026-07-10T18:33:17.492942Z[0m [34mDEBUG[0m [2mminde::guile[0m[2m:[0m handle_key [3mmods[0m[2m=[0m0 [3mkeysym_name[0m[2m=[0m"s" [3mconsumed[0m[2m=[0mfalse [3merrored[0m[2m=[0mfalse
[2m2026-07-10T18:33:17.493054Z[0m [34mDEBUG[0m [2mminde::guile[0m[2m:[0m handle_key [3mmods[0m[2m=[0m0 [3mkeysym_name[0m[2m=[0m"t" [3mconsumed[0m[2m=[0mfalse [3merrored[0m[2m=[0mfalse
[2m2026-07-10T18:33:17.525147Z[0m [34mDEBUG[0m [2mminde::guile[0m[2m:[0m handle_key [3mmods[0m[2m=[0m0 [3mkeysym_name[0m[2m=[0m"n" [3mconsumed[0m[2m=[0mfalse [3merrored[0m[2m=[0mfalse
[2m2026-07-10T18:33:17.638653Z[0m [34mDEBUG[0m [2mminde::guile[0m[2m:[0m handle_key [3mmods[0m[2m=[0m0 [3mkeysym_name[0m[2m=[0m"g" [3mconsumed[0m[2m=[0mfalse [3merrored[0m[2m=[0mfalse
[2m2026-07-10T18:33:17.639010Z[0m [34mDEBUG[0m [2mminde::guile[0m[2m:[0m handle_key [3mmods[0m[2m=[0m0 [3mkeysym_name[0m[2m=[0m"e" [3mconsumed[0m[2m=[0mfalse [3merrored[0m[2m=[0mfalse
[2m2026-07-10T18:33:17.639123Z[0m [34mDEBUG[0m [2mminde::guile[0m[2m:[0m handle_key [3mmods[0m[2m=[0m0 [3mkeysym_name[0m[2m=[0m"i" [3mconsumed[0m[2m=[0mfalse [3merrored[0m[2m=[0mfalse
[2m2026-07-10T18:33:17.690300Z[0m [34mDEBUG[0m [2mminde::guile[0m[2m:[0m handle_key [3mmods[0m[2m=[0m0 [3mkeysym_name[0m[2m=[0m"s" [3mconsumed[0m[2m=[0mfalse [3merrored[0m[2m=[0mfalse
[2m2026-07-10T18:33:17.743239Z[0m [34mDEBUG[0m [2mminde::guile[0m[2m:[0m handle_key [3mmods[0m[2m=[0m0 [3mkeysym_name[0m[2m=[0m"r" [3mconsumed[0m[2m=[0mfalse [3merrored[0m[2m=[0mfalse
[2m2026-07-10T18:33:17.812096Z[0m [34mDEBUG[0m [2mminde::guile[0m[2m:[0m handle_key [3mmods[0m[2m=[0m0 [3mkeysym_name[0m[2m=[0m"n" [3mconsumed[0m[2m=[0mfalse [3merrored[0m[2m=[0mfalse
[2m2026-07-10T18:33:18.142468Z[0m [34mDEBUG[0m [2mminde::guile[0m[2m:[0m handle_key [3mmods[0m[2m=[0m0 [3mkeysym_name[0m[2m=[0m"space" [3mconsumed[0m[2m=[0mfalse [3merrored[0m[2m=[0mfalse
[2m2026-07-10T18:33:18.186005Z[0m [34mDEBUG[0m [2mminde::guile[0m[2m:[0m handle_key [3mmods[0m[2m=[0m0 [3mkeysym_name[0m[2m=[0m"udiaeresis" [3mconsumed[0m[2m=[0mfalse [3merrored[0m[2m=[0mfalse
[2m2026-07-10T18:33:18.455094Z[0m [34mDEBUG[0m [2mminde::guile[0m[2m:[0m handle_key [3mmods[0m[2m=[0m0 [3mkeysym_name[0m[2m=[0m"space" [3mconsumed[0m[2m=[0mfalse [3merrored[0m[2m=[0mfalse
[2m2026-07-10T18:33:18.682630Z[0m [34mDEBUG[0m [2mminde::guile[0m[2m:[0m handle_key [3mmods[0m[2m=[0m0 [3mkeysym_name[0m[2m=[0m"space" [3mconsumed[0m[2m=[0mfalse [3merrored[0m[2m=[0mfalse
[2m2026-07-10T18:33:18.823199Z[0m [34mDEBUG[0m [2mminde::guile[0m[2m:[0m handle_key [3mmods[0m[2m=[0m0 [3mkeysym_name[0m[2m=[0m"space" [3mconsumed[0m[2m=[0mfalse [3merrored[0m[2m=[0mfalse
[2m2026-07-10T18:33:18.937982Z[0m [34mDEBUG[0m [2mminde::guile[0m[2m:[0m handle_key [3mmods[0m[2m=[0m0 [3mkeysym_name[0m[2m=[0m"y" [3mconsumed[0m[2m=[0mfalse [3merrored[0m[2m=[0mfalse
[2m2026-07-10T18:33:19.156152Z[0m [34mDEBUG[0m [2mminde::guile[0m[2m:[0m handle_key [3mmods[0m[2m=[0m0 [3mkeysym_name[0m[2m=[0m"ISO_Level5_Lock" [3mconsumed[0m[2m=[0mfalse [3merrored[0m[2m=[0mfalse
[2m2026-07-10T18:33:19.196739Z[0m [34mDEBUG[0m [2mminde::guile[0m[2m:[0m handle_key [3mmods[0m[2m=[0m0 [3mkeysym_name[0m[2m=[0m"KP_5" [3mconsumed[0m[2m=[0mfalse [3merrored[0m[2m=[0mfalse
[2m2026-07-10T18:33:19.258578Z[0m [34mDEBUG[0m [2mminde::guile[0m[2m:[0m handle_key [3mmods[0m[2m=[0m0 [3mkeysym_name[0m[2m=[0m"KP_4" [3mconsumed[0m[2m=[0mfalse [3merrored[0m[2m=[0mfalse
[2m2026-07-10T18:33:19.326992Z[0m [34mDEBUG[0m [2mminde::guile[0m[2m:[0m handle_key [3mmods[0m[2m=[0m0 [3mkeysym_name[0m[2m=[0m"Down" [3mconsumed[0m[2m=[0mfalse [3merrored[0m[2m=[0mfalse
[2m2026-07-10T18:33:19.396613Z[0m [34mDEBUG[0m [2mminde::guile[0m[2m:[0m handle_key [3mmods[0m[2m=[0m0 [3mkeysym_name[0m[2m=[0m"e" [3mconsumed[0m[2m=[0mfalse [3merrored[0m[2m=[0mfalse
[2m2026-07-10T18:33:19.439855Z[0m [34mDEBUG[0m [2mminde::guile[0m[2m:[0m handle_key [3mmods[0m[2m=[0m0 [3mkeysym_name[0m[2m=[0m"g" [3mconsumed[0m[2m=[0mfalse [3merrored[0m[2m=[0mfalse
[2m2026-07-10T18:33:19.439963Z[0m [34mDEBUG[0m [2mminde::guile[0m[2m:[0m handle_key [3mmods[0m[2m=[0m0 [3mkeysym_name[0m[2m=[0m"s" [3mconsumed[0m[2m=[0mfalse [3merrored[0m[2m=[0mfalse
[2m2026-07-10T18:33:19.568435Z[0m [34mDEBUG[0m [2mminde::guile[0m[2m:[0m handle_key [3mmods[0m[2m=[0m0 [3mkeysym_name[0m[2m=[0m"n" [3mconsumed[0m[2m=[0mfalse [3merrored[0m[2m=[0mfalse
[2m2026-07-10T18:33:19.568691Z[0m [34mDEBUG[0m [2mminde::guile[0m[2m:[0m handle_key [3mmods[0m[2m=[0m0 [3mkeysym_name[0m[2m=[0m"c" [3mconsumed[0m[2m=[0mfalse [3merrored[0m[2m=[0mfalse
[2m2026-07-10T18:33:19.591539Z[0m [34mDEBUG[0m [2mminde::guile[0m[2m:[0m handle_key [3mmods[0m[2m=[0m0 [3mkeysym_name[0m[2m=[0m"t" [3mconsumed[0m[2m=[0mfalse [3merrored[0m[2m=[0mfalse
[2m2026-07-10T18:33:19.678187Z[0m [34mDEBUG[0m [2mminde::guile[0m[2m:[0m handle_key [3mmods[0m[2m=[0m0 [3mkeysym_name[0m[2m=[0m"s" [3mconsumed[0m[2m=[0mfalse [3merrored[0m[2m=[0mfalse
[2m2026-07-10T18:33:19.735385Z[0m [34mDEBUG[0m [2mminde::guile[0m[2m:[0m handle_key [3mmods[0m[2m=[0m0 [3mkeysym_name[0m[2m=[0m"r" [3mconsumed[0m[2m=[0mfalse [3merrored[0m[2m=[0mfalse
[2m2026-07-10T18:33:19.735457Z[0m [34mDEBUG[0m [2mminde::guile[0m[2m:[0m handle_key [3mmods[0m[2m=[0m0 [3mkeysym_name[0m[2m=[0m"e" [3mconsumed[0m[2m=[0mfalse [3merrored[0m[2m=[0mfalse
[2m2026-07-10T18:33:19.735526Z[0m [34mDEBUG[0m [2mminde::guile[0m[2m:[0m handle_key [3mmods[0m[2m=[0m0 [3mkeysym_name[0m[2m=[0m"i" [3mconsumed[0m[2m=[0mfalse [3merrored[0m[2m=[0mfalse
[2m2026-07-10T18:33:22.513632Z[0m [34mDEBUG[0m [2mminde::guile[0m[2m:[0m handle_key [3mmods[0m[2m=[0m4 [3mkeysym_name[0m[2m=[0m"Control_L" [3mconsumed[0m[2m=[0mfalse [3merrored[0m[2m=[0mfalse
[2m2026-07-10T18:33:22.563633Z[0m [34mDEBUG[0m [2mminde::guile[0m[2m:[0m handle_key [3mmods[0m[2m=[0m12 [3mkeysym_name[0m[2m=[0m"Alt_L" [3mconsumed[0m[2m=[0mfalse [3merrored[0m[2m=[0mfalse
[2m2026-07-10T18:33:24.550508Z[0m [32m INFO[0m [2msmithay::backend::libinput[0m[2m:[0m Removed device "event16"
[2m2026-07-10T18:33:24.550563Z[0m [32m INFO[0m [2mminde::input[0m[2m:[0m input device removed [3mname[0m[2m=[0m"Keychron Keychron K6"
[2m2026-07-10T18:33:24.550609Z[0m [32m INFO[0m [2msmithay::backend::libinput[0m[2m:[0m Removed device "event15"
[2m2026-07-10T18:33:24.550622Z[0m [32m INFO[0m [2mminde::input[0m[2m:[0m input device removed [3mname[0m[2m=[0m"TPPS/2 IBM TrackPoint"
[2m2026-07-10T18:33:24.550652Z[0m [32m INFO[0m [2msmithay::backend::libinput[0m[2m:[0m Removed device "event5"
[2m2026-07-10T18:33:24.550664Z[0m [32m INFO[0m [2mminde::input[0m[2m:[0m input device removed [3mname[0m[2m=[0m"ThinkPad Extra Buttons"
[2m2026-07-10T18:33:24.550686Z[0m [32m INFO[0m [2msmithay::backend::libinput[0m[2m:[0m Removed device "event17"
[2m2026-07-10T18:33:24.550698Z[0m [32m INFO[0m [2mminde::input[0m[2m:[0m input device removed [3mname[0m[2m=[0m"Keychron Keychron K6"
[2m2026-07-10T18:33:24.550730Z[0m [32m INFO[0m [2msmithay::backend::libinput[0m[2m:[0m Removed device "event11"
[2m2026-07-10T18:33:24.550741Z[0m [32m INFO[0m [2mminde::input[0m[2m:[0m input device removed [3mname[0m[2m=[0m"Synaptics TM3053-004"
[2m2026-07-10T18:33:24.550766Z[0m [32m INFO[0m [2msmithay::backend::libinput[0m[2m:[0m Removed device "event1"
[2m2026-07-10T18:33:24.550778Z[0m [32m INFO[0m [2mminde::input[0m[2m:[0m input device removed [3mname[0m[2m=[0m"Sleep Button"
[2m2026-07-10T18:33:24.550798Z[0m [32m INFO[0m [2msmithay::backend::libinput[0m[2m:[0m Removed device "event10"
[2m2026-07-10T18:33:24.550808Z[0m [32m INFO[0m [2mminde::input[0m[2m:[0m input device removed [3mname[0m[2m=[0m"Video Bus"
[2m2026-07-10T18:33:24.550827Z[0m [32m INFO[0m [2msmithay::backend::libinput[0m[2m:[0m Removed device "event2"
[2m2026-07-10T18:33:24.550837Z[0m [32m INFO[0m [2mminde::input[0m[2m:[0m input device removed [3mname[0m[2m=[0m"Power Button"
[2m2026-07-10T18:33:24.550857Z[0m [32m INFO[0m [2msmithay::backend::libinput[0m[2m:[0m Removed device "event0"
[2m2026-07-10T18:33:24.550867Z[0m [32m INFO[0m [2mminde::input[0m[2m:[0m input device removed [3mname[0m[2m=[0m"Lid Switch"
[2m2026-07-10T18:33:24.550887Z[0m [32m INFO[0m [2msmithay::backend::libinput[0m[2m:[0m Removed device "event3"
[2m2026-07-10T18:33:24.550898Z[0m [32m INFO[0m [2mminde::input[0m[2m:[0m input device removed [3mname[0m[2m=[0m"AT Translated Set 2 keyboard"
[2m2026-07-10T18:33:24.551137Z[0m [32m INFO[0m [2mminde::udev[0m[2m:[0m pausing session
[2m2026-07-10T18:35:08.918035Z[0m [32m INFO[0m [2mminde::udev[0m[2m:[0m resuming session
[2m2026-07-10T18:35:09.148773Z[0m [32m INFO[0m [2msmithay::backend::drm::surface::atomic[0m[2m:[0m Adding connector: EmbeddedDisplayPort
[2m2026-07-10T18:35:09.148813Z[0m [32m INFO[0m [2msmithay::backend::drm::surface::atomic[0m[2m:[0m Setting new mode: "1920x1080"
[2m2026-07-10T18:35:09.837587Z[0m [32m INFO[0m [2msmithay::backend::libinput[0m[2m:[0m New device "event16"
[2m2026-07-10T18:35:09.837632Z[0m [32m INFO[0m [2mminde::input[0m[2m:[0m input device added [3mname[0m[2m=[0m"Keychron Keychron K6"
[2m2026-07-10T18:35:09.837648Z[0m [32m INFO[0m [2msmithay::backend::libinput[0m[2m:[0m New device "event17"
[2m2026-07-10T18:35:09.837659Z[0m [32m INFO[0m [2mminde::input[0m[2m:[0m input device added [3mname[0m[2m=[0m"Keychron Keychron K6"
[2m2026-07-10T18:35:09.837670Z[0m [32m INFO[0m [2msmithay::backend::libinput[0m[2m:[0m New device "event11"
[2m2026-07-10T18:35:09.837679Z[0m [32m INFO[0m [2mminde::input[0m[2m:[0m input device added [3mname[0m[2m=[0m"Synaptics TM3053-004"
[2m2026-07-10T18:35:09.837690Z[0m [32m INFO[0m [2msmithay::backend::libinput[0m[2m:[0m New device "event15"
[2m2026-07-10T18:35:09.837713Z[0m [32m INFO[0m [2mminde::input[0m[2m:[0m input device added [3mname[0m[2m=[0m"TPPS/2 IBM TrackPoint"
[2m2026-07-10T18:35:09.837724Z[0m [32m INFO[0m [2msmithay::backend::libinput[0m[2m:[0m New device "event10"
[2m2026-07-10T18:35:09.837731Z[0m [32m INFO[0m [2mminde::input[0m[2m:[0m input device added [3mname[0m[2m=[0m"Video Bus"
[2m2026-07-10T18:35:09.837739Z[0m [32m INFO[0m [2msmithay::backend::libinput[0m[2m:[0m New device "event2"
[2m2026-07-10T18:35:09.837746Z[0m [32m INFO[0m [2mminde::input[0m[2m:[0m input device added [3mname[0m[2m=[0m"Power Button"
[2m2026-07-10T18:35:09.837755Z[0m [32m INFO[0m [2msmithay::backend::libinput[0m[2m:[0m New device "event0"
[2m2026-07-10T18:35:09.837761Z[0m [32m INFO[0m [2mminde::input[0m[2m:[0m input device added [3mname[0m[2m=[0m"Lid Switch"
[2m2026-07-10T18:35:09.837770Z[0m [32m INFO[0m [2msmithay::backend::libinput[0m[2m:[0m New device "event1"
[2m2026-07-10T18:35:09.837777Z[0m [32m INFO[0m [2mminde::input[0m[2m:[0m input device added [3mname[0m[2m=[0m"Sleep Button"
[2m2026-07-10T18:35:09.837785Z[0m [32m INFO[0m [2msmithay::backend::libinput[0m[2m:[0m New device "event3"
[2m2026-07-10T18:35:09.837792Z[0m [32m INFO[0m [2mminde::input[0m[2m:[0m input device added [3mname[0m[2m=[0m"AT Translated Set 2 keyboard"
[2m2026-07-10T18:35:09.837800Z[0m [32m INFO[0m [2msmithay::backend::libinput[0m[2m:[0m New device "event5"
[2m2026-07-10T18:35:09.837807Z[0m [32m INFO[0m [2mminde::input[0m[2m:[0m input device added [3mname[0m[2m=[0m"ThinkPad Extra Buttons"
[2m2026-07-10T18:35:11.694652Z[0m [34mDEBUG[0m [2mminde::guile[0m[2m:[0m handle_key [3mmods[0m[2m=[0m4 [3mkeysym_name[0m[2m=[0m"Control_L" [3mconsumed[0m[2m=[0mfalse [3merrored[0m[2m=[0mfalse
[2m2026-07-10T18:35:12.205613Z[0m [34mDEBUG[0m [2mminde::guile[0m[2m:[0m handle_key [3mmods[0m[2m=[0m4 [3mkeysym_name[0m[2m=[0m"x" [3mconsumed[0m[2m=[0mfalse [3merrored[0m[2m=[0mfalse
[2m2026-07-10T18:35:13.207623Z[0m [34mDEBUG[0m [2mminde::guile[0m[2m:[0m handle_key [3mmods[0m[2m=[0m0 [3mkeysym_name[0m[2m=[0m"Return" [3mconsumed[0m[2m=[0mfalse [3merrored[0m[2m=[0mfalse
[2m2026-07-10T18:35:14.241626Z[0m [34mDEBUG[0m [2mminde::guile[0m[2m:[0m handle_key [3mmods[0m[2m=[0m4 [3mkeysym_name[0m[2m=[0m"Control_L" [3mconsumed[0m[2m=[0mfalse [3merrored[0m[2m=[0mfalse
[2m2026-07-10T18:35:14.687613Z[0m [34mDEBUG[0m [2mminde::guile[0m[2m:[0m handle_key [3mmods[0m[2m=[0m4 [3mkeysym_name[0m[2m=[0m"x" [3mconsumed[0m[2m=[0mfalse [3merrored[0m[2m=[0mfalse
[2m2026-07-10T18:35:14.963611Z[0m [34mDEBUG[0m [2mminde::guile[0m[2m:[0m handle_key [3mmods[0m[2m=[0m4 [3mkeysym_name[0m[2m=[0m"Return" [3mconsumed[0m[2m=[0mfalse [3merrored[0m[2m=[0mfalse
[2m2026-07-10T18:35:15.657627Z[0m [34mDEBUG[0m [2mminde::guile[0m[2m:[0m handle_key [3mmods[0m[2m=[0m4 [3mkeysym_name[0m[2m=[0m"Control_L" [3mconsumed[0m[2m=[0mfalse [3merrored[0m[2m=[0mfalse
[2m2026-07-10T18:35:15.951611Z[0m [34mDEBUG[0m [2mminde::guile[0m[2m:[0m handle_key [3mmods[0m[2m=[0m4 [3mkeysym_name[0m[2m=[0m"x" [3mconsumed[0m[2m=[0mfalse [3merrored[0m[2m=[0mfalse
[2m2026-07-10T18:35:16.349605Z[0m [34mDEBUG[0m [2mminde::guile[0m[2m:[0m handle_key [3mmods[0m[2m=[0m4 [3mkeysym_name[0m[2m=[0m"n" [3mconsumed[0m[2m=[0mfalse [3merrored[0m[2m=[0mfalse
[2m2026-07-10T18:35:16.511614Z[0m [34mDEBUG[0m [2mminde::guile[0m[2m:[0m handle_key [3mmods[0m[2m=[0m4 [3mkeysym_name[0m[2m=[0m"r" [3mconsumed[0m[2m=[0mfalse [3merrored[0m[2m=[0mfalse
[2m2026-07-10T18:35:16.538629Z[0m [34mDEBUG[0m [2mminde::guile[0m[2m:[0m handle_key [3mmods[0m[2m=[0m4 [3mkeysym_name[0m[2m=[0m"s" [3mconsumed[0m[2m=[0mfalse [3merrored[0m[2m=[0mfalse
[2m2026-07-10T18:35:16.605623Z[0m [34mDEBUG[0m [2mminde::guile[0m[2m:[0m handle_key [3mmods[0m[2m=[0m4 [3mkeysym_name[0m[2m=[0m"n" [3mconsumed[0m[2m=[0mfalse [3merrored[0m[2m=[0mfalse
[2m2026-07-10T18:35:20.432924Z[0m [34mDEBUG[0m [2mminde::guile[0m[2m:[0m handle_key [3mmods[0m[2m=[0m4 [3mkeysym_name[0m[2m=[0m"Control_L" [3mconsumed[0m[2m=[0mfalse [3merrored[0m[2m=[0mfalse
[2m2026-07-10T18:35:21.937511Z[0m [34mDEBUG[0m [2mminde::guile[0m[2m:[0m handle_key [3mmods[0m[2m=[0m4 [3mkeysym_name[0m[2m=[0m"t" [3mconsumed[0m[2m=[0mtrue [3merrored[0m[2m=[0mfalse
[2m2026-07-10T18:35:25.580198Z[0m [32m INFO[0m [2mminde::guile[0m[2m:[0m wm-spawn [3mcmd[0m[2m=[0malacritty || foot || xterm
[2m2026-07-10T18:35:25.580534Z[0m [34mDEBUG[0m [2mminde::guile[0m[2m:[0m handle_key [3mmods[0m[2m=[0m0 [3mkeysym_name[0m[2m=[0m"Return" [3mconsumed[0m[2m=[0mtrue [3merrored[0m[2m=[0mfalse
[2m2026-07-10T18:35:27.687836Z[0m [34mDEBUG[0m [2mminde::guile[0m[2m:[0m handle_key [3mmods[0m[2m=[0m4 [3mkeysym_name[0m[2m=[0m"Control_L" [3mconsumed[0m[2m=[0mfalse [3merrored[0m[2m=[0mfalse
[2m2026-07-10T18:35:27.862029Z[0m [34mDEBUG[0m [2mminde::guile[0m[2m:[0m handle_key [3mmods[0m[2m=[0m4 [3mkeysym_name[0m[2m=[0m"t" [3mconsumed[0m[2m=[0mtrue [3merrored[0m[2m=[0mfalse
[2m2026-07-10T18:35:29.134465Z[0m [34mDEBUG[0m [2mminde::guile[0m[2m:[0m handle_key [3mmods[0m[2m=[0m0 [3mkeysym_name[0m[2m=[0m"u" [3mconsumed[0m[2m=[0mtrue [3merrored[0m[2m=[0mfalse
[2m2026-07-10T18:35:30.081002Z[0m [34mDEBUG[0m [2mminde::guile[0m[2m:[0m handle_key [3mmods[0m[2m=[0m4 [3mkeysym_name[0m[2m=[0m"Control_L" [3mconsumed[0m[2m=[0mfalse [3merrored[0m[2m=[0mfalse
[2m2026-07-10T18:35:31.276438Z[0m [34mDEBUG[0m [2mminde::guile[0m[2m:[0m handle_key [3mmods[0m[2m=[0m4 [3mkeysym_name[0m[2m=[0m"t" [3mconsumed[0m[2m=[0mtrue [3merrored[0m[2m=[0mfalse
[2m2026-07-10T18:35:32.457714Z[0m [34mDEBUG[0m [2mminde::guile[0m[2m:[0m handle_key [3mmods[0m[2m=[0m4 [3mkeysym_name[0m[2m=[0m"s" [3mconsumed[0m[2m=[0mtrue [3merrored[0m[2m=[0mfalse
[2m2026-07-10T18:35:32.479950Z[0m [34mDEBUG[0m [2mminde::guile[0m[2m:[0m handle_key [3mmods[0m[2m=[0m4 [3mkeysym_name[0m[2m=[0m"r" [3mconsumed[0m[2m=[0mfalse [3merrored[0m[2m=[0mfalse
[2m2026-07-10T18:35:32.565673Z[0m [34mDEBUG[0m [2mminde::guile[0m[2m:[0m handle_key [3mmods[0m[2m=[0m4 [3mkeysym_name[0m[2m=[0m"n" [3mconsumed[0m[2m=[0mfalse [3merrored[0m[2m=[0mfalse
[2m2026-07-10T18:35:32.633330Z[0m [34mDEBUG[0m [2mminde::guile[0m[2m:[0m handle_key [3mmods[0m[2m=[0m4 [3mkeysym_name[0m[2m=[0m"e" [3mconsumed[0m[2m=[0mfalse [3merrored[0m[2m=[0mfalse
[2m2026-07-10T18:35:32.754558Z[0m [34mDEBUG[0m [2mminde::guile[0m[2m:[0m handle_key [3mmods[0m[2m=[0m0 [3mkeysym_name[0m[2m=[0m"s" [3mconsumed[0m[2m=[0mfalse [3merrored[0m[2m=[0mfalse
[2m2026-07-10T18:35:32.754671Z[0m [34mDEBUG[0m [2mminde::guile[0m[2m:[0m handle_key [3mmods[0m[2m=[0m0 [3mkeysym_name[0m[2m=[0m"r" [3mconsumed[0m[2m=[0mfalse [3merrored[0m[2m=[0mfalse
[2m2026-07-10T18:35:32.755304Z[0m [34mDEBUG[0m [2mminde::guile[0m[2m:[0m handle_key [3mmods[0m[2m=[0m0 [3mkeysym_name[0m[2m=[0m"i" [3mconsumed[0m[2m=[0mfalse [3merrored[0m[2m=[0mfalse
[2m2026-07-10T18:35:32.866634Z[0m [34mDEBUG[0m [2mminde::guile[0m[2m:[0m handle_key [3mmods[0m[2m=[0m0 [3mkeysym_name[0m[2m=[0m"n" [3mconsumed[0m[2m=[0mfalse [3merrored[0m[2m=[0mfalse
[2m2026-07-10T18:35:33.207382Z[0m [34mDEBUG[0m [2mminde::guile[0m[2m:[0m handle_key [3mmods[0m[2m=[0m4 [3mkeysym_name[0m[2m=[0m"Control_L" [3mconsumed[0m[2m=[0mfalse [3merrored[0m[2m=[0mfalse
[2m2026-07-10T18:35:33.318269Z[0m [34mDEBUG[0m [2mminde::guile[0m[2m:[0m handle_key [3mmods[0m[2m=[0m4 [3mkeysym_name[0m[2m=[0m"t" [3mconsumed[0m[2m=[0mtrue [3merrored[0m[2m=[0mfalse
[2m2026-07-10T18:35:33.391065Z[0m [34mDEBUG[0m [2mminde::guile[0m[2m:[0m handle_key [3mmods[0m[2m=[0m4 [3mkeysym_name[0m[2m=[0m"s" [3mconsumed[0m[2m=[0mtrue [3merrored[0m[2m=[0mfalse
[2m2026-07-10T18:35:33.444966Z[0m [34mDEBUG[0m [2mminde::guile[0m[2m:[0m handle_key [3mmods[0m[2m=[0m4 [3mkeysym_name[0m[2m=[0m"r" [3mconsumed[0m[2m=[0mfalse [3merrored[0m[2m=[0mfalse
[2m2026-07-10T18:35:33.498899Z[0m [34mDEBUG[0m [2mminde::guile[0m[2m:[0m handle_key [3mmods[0m[2m=[0m4 [3mkeysym_name[0m[2m=[0m"n" [3mconsumed[0m[2m=[0mfalse [3merrored[0m[2m=[0mfalse
[2m2026-07-10T18:35:33.566838Z[0m [34mDEBUG[0m [2mminde::guile[0m[2m:[0m handle_key [3mmods[0m[2m=[0m4 [3mkeysym_name[0m[2m=[0m"e" [3mconsumed[0m[2m=[0mfalse [3merrored[0m[2m=[0mfalse
[2m2026-07-10T18:35:33.704928Z[0m [34mDEBUG[0m [2mminde::guile[0m[2m:[0m handle_key [3mmods[0m[2m=[0m4 [3mkeysym_name[0m[2m=[0m"s" [3mconsumed[0m[2m=[0mfalse [3merrored[0m[2m=[0mfalse
[2m2026-07-10T18:35:33.705039Z[0m [34mDEBUG[0m [2mminde::guile[0m[2m:[0m handle_key [3mmods[0m[2m=[0m4 [3mkeysym_name[0m[2m=[0m"r" [3mconsumed[0m[2m=[0mfalse [3merrored[0m[2m=[0mfalse
[2m2026-07-10T18:35:33.705104Z[0m [34mDEBUG[0m [2mminde::guile[0m[2m:[0m handle_key [3mmods[0m[2m=[0m4 [3mkeysym_name[0m[2m=[0m"i" [3mconsumed[0m[2m=[0mfalse [3merrored[0m[2m=[0mfalse
[2m2026-07-10T18:35:33.873049Z[0m [34mDEBUG[0m [2mminde::guile[0m[2m:[0m handle_key [3mmods[0m[2m=[0m0 [3mkeysym_name[0m[2m=[0m"n" [3mconsumed[0m[2m=[0mfalse [3merrored[0m[2m=[0mfalse
[2m2026-07-10T18:35:34.034902Z[0m [34mDEBUG[0m [2mminde::guile[0m[2m:[0m handle_key [3mmods[0m[2m=[0m4 [3mkeysym_name[0m[2m=[0m"Control_L" [3mconsumed[0m[2m=[0mfalse [3merrored[0m[2m=[0mfalse
[2m2026-07-10T18:35:34.076959Z[0m [34mDEBUG[0m [2mminde::guile[0m[2m:[0m handle_key [3mmods[0m[2m=[0m4 [3mkeysym_name[0m[2m=[0m"s" [3mconsumed[0m[2m=[0mfalse [3merrored[0m[2m=[0mfalse
[2m2026-07-10T18:35:34.145866Z[0m [34mDEBUG[0m [2mminde::guile[0m[2m:[0m handle_key [3mmods[0m[2m=[0m4 [3mkeysym_name[0m[2m=[0m"r" [3mconsumed[0m[2m=[0mfalse [3merrored[0m[2m=[0mfalse
[2m2026-07-10T18:35:34.145983Z[0m [34mDEBUG[0m [2mminde::guile[0m[2m:[0m handle_key [3mmods[0m[2m=[0m4 [3mkeysym_name[0m[2m=[0m"t" [3mconsumed[0m[2m=[0mtrue [3merrored[0m[2m=[0mfalse
[2m2026-07-10T18:35:34.215583Z[0m [34mDEBUG[0m [2mminde::guile[0m[2m:[0m handle_key [3mmods[0m[2m=[0m4 [3mkeysym_name[0m[2m=[0m"n" [3mconsumed[0m[2m=[0mtrue [3merrored[0m[2m=[0mfalse
[2m2026-07-10T18:35:34.275866Z[0m [34mDEBUG[0m [2mminde::guile[0m[2m:[0m handle_key [3mmods[0m[2m=[0m4 [3mkeysym_name[0m[2m=[0m"e" [3mconsumed[0m[2m=[0mfalse [3merrored[0m[2m=[0mfalse
[2m2026-07-10T18:35:34.297674Z[0m [34mDEBUG[0m [2mminde::guile[0m[2m:[0m handle_key [3mmods[0m[2m=[0m4 [3mkeysym_name[0m[2m=[0m"i" [3mconsumed[0m[2m=[0mfalse [3merrored[0m[2m=[0mfalse
[2m2026-07-10T18:35:34.498584Z[0m [34mDEBUG[0m [2mminde::guile[0m[2m:[0m handle_key [3mmods[0m[2m=[0m0 [3mkeysym_name[0m[2m=[0m"y" [3mconsumed[0m[2m=[0mfalse [3merrored[0m[2m=[0mfalse
[2m2026-07-10T18:35:34.552524Z[0m [34mDEBUG[0m [2mminde::guile[0m[2m:[0m handle_key [3mmods[0m[2m=[0m0 [3mkeysym_name[0m[2m=[0m"adiaeresis" [3mconsumed[0m[2m=[0mfalse [3merrored[0m[2m=[0mfalse
[2m2026-07-10T18:35:34.800859Z[0m [34mDEBUG[0m [2mminde::guile[0m[2m:[0m handle_key [3mmods[0m[2m=[0m4 [3mkeysym_name[0m[2m=[0m"Control_L" [3mconsumed[0m[2m=[0mfalse [3merrored[0m[2m=[0mfalse
[2m2026-07-10T18:35:34.953315Z[0m [34mDEBUG[0m [2mminde::guile[0m[2m:[0m handle_key [3mmods[0m[2m=[0m4 [3mkeysym_name[0m[2m=[0m"r" [3mconsumed[0m[2m=[0mfalse [3merrored[0m[2m=[0mfalse
[2m2026-07-10T18:35:34.989076Z[0m [34mDEBUG[0m [2mminde::guile[0m[2m:[0m handle_key [3mmods[0m[2m=[0m4 [3mkeysym_name[0m[2m=[0m"s" [3mconsumed[0m[2m=[0mfalse [3merrored[0m[2m=[0mfalse
[2m2026-07-10T18:35:34.989143Z[0m [34mDEBUG[0m [2mminde::guile[0m[2m:[0m handle_key [3mmods[0m[2m=[0m4 [3mkeysym_name[0m[2m=[0m"t" [3mconsumed[0m[2m=[0mtrue [3merrored[0m[2m=[0mfalse
[2m2026-07-10T18:35:35.115168Z[0m [34mDEBUG[0m [2mminde::guile[0m[2m:[0m handle_key [3mmods[0m[2m=[0m4 [3mkeysym_name[0m[2m=[0m"n" [3mconsumed[0m[2m=[0mtrue [3merrored[0m[2m=[0mfalse
[2m2026-07-10T18:35:35.199265Z[0m [34mDEBUG[0m [2mminde::guile[0m[2m:[0m handle_key [3mmods[0m[2m=[0m4 [3mkeysym_name[0m[2m=[0m"i" [3mconsumed[0m[2m=[0mfalse [3merrored[0m[2m=[0mfalse
[2m2026-07-10T18:35:35.303711Z[0m [34mDEBUG[0m [2mminde::guile[0m[2m:[0m handle_key [3mmods[0m[2m=[0m4 [3mkeysym_name[0m[2m=[0m"g" [3mconsumed[0m[2m=[0mfalse [3merrored[0m[2m=[0mfalse
[2m2026-07-10T18:35:35.339889Z[0m [34mDEBUG[0m [2mminde::guile[0m[2m:[0m handle_key [3mmods[0m[2m=[0m4 [3mkeysym_name[0m[2m=[0m"s" [3mconsumed[0m[2m=[0mfalse [3merrored[0m[2m=[0mfalse
[2m2026-07-10T18:35:35.363106Z[0m [34mDEBUG[0m [2mminde::guile[0m[2m:[0m handle_key [3mmods[0m[2m=[0m4 [3mkeysym_name[0m[2m=[0m"r" [3mconsumed[0m[2m=[0mfalse [3merrored[0m[2m=[0mfalse
[2m2026-07-10T18:35:35.384856Z[0m [34mDEBUG[0m [2mminde::guile[0m[2m:[0m handle_key [3mmods[0m[2m=[0m4 [3mkeysym_name[0m[2m=[0m"e" [3mconsumed[0m[2m=[0mfalse [3merrored[0m[2m=[0mfalse
[2m2026-07-10T18:35:35.532917Z[0m [34mDEBUG[0m [2mminde::guile[0m[2m:[0m handle_key [3mmods[0m[2m=[0m4 [3mkeysym_name[0m[2m=[0m"n" [3mconsumed[0m[2m=[0mfalse [3merrored[0m[2m=[0mfalse
[2m2026-07-10T18:35:35.794101Z[0m [34mDEBUG[0m [2mminde::guile[0m[2m:[0m handle_key [3mmods[0m[2m=[0m4 [3mkeysym_name[0m[2m=[0m"j" [3mconsumed[0m[2m=[0mfalse [3merrored[0m[2m=[0mfalse
[2m2026-07-10T18:35:36.641322Z[0m [34mDEBUG[0m [2mminde::guile[0m[2m:[0m handle_key [3mmods[0m[2m=[0m0 [3mkeysym_name[0m[2m=[0m"space" [3mconsumed[0m[2m=[0mfalse [3merrored[0m[2m=[0mfalse
[2m2026-07-10T18:35:42.325611Z[0m [34mDEBUG[0m [2mminde::guile[0m[2m:[0m handle_key [3mmods[0m[2m=[0m4 [3mkeysym_name[0m[2m=[0m"Control_L" [3mconsumed[0m[2m=[0mfalse [3merrored[0m[2m=[0mfalse
[2m2026-07-10T18:35:42.463615Z[0m [34mDEBUG[0m [2mminde::guile[0m[2m:[0m handle_key [3mmods[0m[2m=[0m12 [3mkeysym_name[0m[2m=[0m"Alt_L" [3mconsumed[0m[2m=[0mfalse [3merrored[0m[2m=[0mfalse
[2m2026-07-10T18:35:43.430445Z[0m [32m INFO[0m [2msmithay::backend::libinput[0m[2m:[0m Removed device "event16"
[2m2026-07-10T18:35:43.430498Z[0m [32m INFO[0m [2mminde::input[0m[2m:[0m input device removed [3mname[0m[2m=[0m"Keychron Keychron K6"
[2m2026-07-10T18:35:43.430553Z[0m [32m INFO[0m [2msmithay::backend::libinput[0m[2m:[0m Removed device "event3"
[2m2026-07-10T18:35:43.430570Z[0m [32m INFO[0m [2mminde::input[0m[2m:[0m input device removed [3mname[0m[2m=[0m"AT Translated Set 2 keyboard"
[2m2026-07-10T18:35:43.430600Z[0m [32m INFO[0m [2msmithay::backend::libinput[0m[2m:[0m Removed device "event15"
[2m2026-07-10T18:35:43.430615Z[0m [32m INFO[0m [2mminde::input[0m[2m:[0m input device removed [3mname[0m[2m=[0m"TPPS/2 IBM TrackPoint"
[2m2026-07-10T18:35:43.430648Z[0m [32m INFO[0m [2msmithay::backend::libinput[0m[2m:[0m Removed device "event5"
[2m2026-07-10T18:35:43.430663Z[0m [32m INFO[0m [2mminde::input[0m[2m:[0m input device removed [3mname[0m[2m=[0m"ThinkPad Extra Buttons"
[2m2026-07-10T18:35:43.430691Z[0m [32m INFO[0m [2msmithay::backend::libinput[0m[2m:[0m Removed device "event17"
[2m2026-07-10T18:35:43.430706Z[0m [32m INFO[0m [2mminde::input[0m[2m:[0m input device removed [3mname[0m[2m=[0m"Keychron Keychron K6"
[2m2026-07-10T18:35:43.430765Z[0m [32m INFO[0m [2msmithay::backend::libinput[0m[2m:[0m Removed device "event11"
[2m2026-07-10T18:35:43.430779Z[0m [32m INFO[0m [2mminde::input[0m[2m:[0m input device removed [3mname[0m[2m=[0m"Synaptics TM3053-004"
[2m2026-07-10T18:35:43.430809Z[0m [32m INFO[0m [2msmithay::backend::libinput[0m[2m:[0m Removed device "event1"
[2m2026-07-10T18:35:43.430822Z[0m [32m INFO[0m [2mminde::input[0m[2m:[0m input device removed [3mname[0m[2m=[0m"Sleep Button"
[2m2026-07-10T18:35:43.430845Z[0m [32m INFO[0m [2msmithay::backend::libinput[0m[2m:[0m Removed device "event10"
[2m2026-07-10T18:35:43.430857Z[0m [32m INFO[0m [2mminde::input[0m[2m:[0m input device removed [3mname[0m[2m=[0m"Video Bus"
[2m2026-07-10T18:35:43.430877Z[0m [32m INFO[0m [2msmithay::backend::libinput[0m[2m:[0m Removed device "event2"
[2m2026-07-10T18:35:43.430889Z[0m [32m INFO[0m [2mminde::input[0m[2m:[0m input device removed [3mname[0m[2m=[0m"Power Button"
[2m2026-07-10T18:35:43.430911Z[0m [32m INFO[0m [2msmithay::backend::libinput[0m[2m:[0m Removed device "event0"
[2m2026-07-10T18:35:43.430923Z[0m [32m INFO[0m [2mminde::input[0m[2m:[0m input device removed [3mname[0m[2m=[0m"Lid Switch"
[2m2026-07-10T18:35:43.431152Z[0m [32m INFO[0m [2mminde::udev[0m[2m:[0m pausing session
